{
   "object": "\"abc\": \"def\"\n\"bam\": true\n\"bar\": \"baz\"\n\"baz\": 1\n\"bazel\": 1.42\n\"bim\": false\n\"blamo\":\n  \"cereal\":\n  - \"<>& fizbuzz\"\n  -\n    - \"a\"\n    -\n      - \"b\"\n  \"treats\":\n  - \"name\": \"chocolate\"\n\"boom\": -1\n\"foo\": \"baz\"",
   "object2": "\"\\\"\": 4\n\"array\":\n- \"s\"\n- 1\n-\n  - 2\n  - 3\n- \"a\":\n  - \"0\"\n  - \"z\"\n  \"r\": 6\n\"arraySection\":\n- \"q\": 1\n- \"w\": 2\n\"bool\": true\n\"emptyArray\": []\n\"emptyArraySection\":\n- {}\n\"emptySection\": {}\n\"escaped\\\"Section\":\n  \"z\": \"q\"\n\"key\": \"value\"\n\"notBool\": false\n\"number\": 7\n\"section\":\n  \"a\": 1\n  \"array\":\n  - \"c\": 3\n  - \"d\": 4\n  \"e$caped\":\n    \"q\": \"t\"\n  \"nested\":\n    \"b\": 2\n  \"nestedArray\":\n  - \"k\": \"v\"\n    \"nested\":\n      \"e\": 5\n\"simple\":\n  \"t\": 5",
   "object2_indent": "\"\\\"\": 4\n\"array\":\n  - \"s\"\n  - 1\n  -\n    - 2\n    - 3\n  - \"a\":\n      - \"0\"\n      - \"z\"\n    \"r\": 6\n\"arraySection\":\n  - \"q\": 1\n  - \"w\": 2\n\"bool\": true\n\"emptyArray\": []\n\"emptyArraySection\":\n  - {}\n\"emptySection\": {}\n\"escaped\\\"Section\":\n  \"z\": \"q\"\n\"key\": \"value\"\n\"notBool\": false\n\"number\": 7\n\"section\":\n  \"a\": 1\n  \"array\":\n    - \"c\": 3\n    - \"d\": 4\n  \"e$caped\":\n    \"q\": \"t\"\n  \"nested\":\n    \"b\": 2\n  \"nestedArray\":\n    - \"k\": \"v\"\n      \"nested\":\n        \"e\": 5\n\"simple\":\n  \"t\": 5",
   "object2_indent_unquoted": "\"\\\"\": 4\narray:\n  - \"s\"\n  - 1\n  -\n    - 2\n    - 3\n  - a:\n      - \"0\"\n      - \"z\"\n    r: 6\narraySection:\n  - q: 1\n  - w: 2\nbool: true\nemptyArray: []\nemptyArraySection:\n  - {}\nemptySection: {}\n\"escaped\\\"Section\":\n  z: \"q\"\nkey: \"value\"\nnotBool: false\nnumber: 7\nsection:\n  a: 1\n  array:\n    - c: 3\n    - d: 4\n  \"e$caped\":\n    q: \"t\"\n  nested:\n    b: 2\n  nestedArray:\n    - k: \"v\"\n      nested:\n        e: 5\nsimple:\n  t: 5",
   "object2_unquoted": "\"\\\"\": 4\narray:\n- \"s\"\n- 1\n-\n  - 2\n  - 3\n- a:\n  - \"0\"\n  - \"z\"\n  r: 6\narraySection:\n- q: 1\n- w: 2\nbool: true\nemptyArray: []\nemptyArraySection:\n- {}\nemptySection: {}\n\"escaped\\\"Section\":\n  z: \"q\"\nkey: \"value\"\nnotBool: false\nnumber: 7\nsection:\n  a: 1\n  array:\n  - c: 3\n  - d: 4\n  \"e$caped\":\n    q: \"t\"\n  nested:\n    b: 2\n  nestedArray:\n  - k: \"v\"\n    nested:\n      e: 5\nsimple:\n  t: 5",
   "object3": "\"-0B1010_0111_0100_1010_1110\": \"string\\n                                    with some\\n                                    newlines\\n        \"\n\"0X_0a_74_ae\": \"BARE_KEY\"\n\"1-234-567-8901\": null\n\"192.168.0.1\":\n- \"a\": 2\n  \"b\": \"str\"\n- \"c\": []\n\"__-0B1010_0111_0100_1010_1110\": \"a new line\\n  \"\n\"__-0X_0a_74_ae\": \"BARE_KEY\"\n\"b\":\n  \"N\": \"boolean false\"\n  \"NO\": \"boolean false\"\n  \"NULL\": \"null word capital\"\n  \"Null\": \"null word\"\n  \"OFF\": \"boolean false\"\n  \"On\": \"boolean true\"\n  \"True\": \"boolean true\"\n  \"Yes\": \"boolean true\"\n  \"n\": \"boolean false\"\n  \"null\": \"null word\"\n  \"off\": \"boolean false\"\n  \"on\": \"boolean true\"\n  \"true\": \"boolean true\"\n  \"y\": \"boolean true\"\n  \"yes\": \"boolean true\"\n\"jsonnet.org/k8s-label-like\": \"0600\"\n\"just-letters-dashes\": \"+1101_1111\"\n\"just_letters_underscores\": 142321\n\"x\": \"BARE_KEY\"",
   "object3_indent": "\"-0B1010_0111_0100_1010_1110\": \"string\\n                                    with some\\n                                    newlines\\n        \"\n\"0X_0a_74_ae\": \"BARE_KEY\"\n\"1-234-567-8901\": null\n\"192.168.0.1\":\n  - \"a\": 2\n    \"b\": \"str\"\n  - \"c\": []\n\"__-0B1010_0111_0100_1010_1110\": \"a new line\\n  \"\n\"__-0X_0a_74_ae\": \"BARE_KEY\"\n\"b\":\n  \"N\": \"boolean false\"\n  \"NO\": \"boolean false\"\n  \"NULL\": \"null word capital\"\n  \"Null\": \"null word\"\n  \"OFF\": \"boolean false\"\n  \"On\": \"boolean true\"\n  \"True\": \"boolean true\"\n  \"Yes\": \"boolean true\"\n  \"n\": \"boolean false\"\n  \"null\": \"null word\"\n  \"off\": \"boolean false\"\n  \"on\": \"boolean true\"\n  \"true\": \"boolean true\"\n  \"y\": \"boolean true\"\n  \"yes\": \"boolean true\"\n\"jsonnet.org/k8s-label-like\": \"0600\"\n\"just-letters-dashes\": \"+1101_1111\"\n\"just_letters_underscores\": 142321\n\"x\": \"BARE_KEY\"",
   "object3_indent_unquoted": "-0B1010_0111_0100_1010_1110: \"string\\n                                    with some\\n                                    newlines\\n        \"\n0X_0a_74_ae: \"BARE_KEY\"\n1-234-567-8901: null\n192.168.0.1:\n  - a: 2\n    b: \"str\"\n  - c: []\n__-0B1010_0111_0100_1010_1110: \"a new line\\n  \"\n__-0X_0a_74_ae: \"BARE_KEY\"\nb:\n  \"N\": \"boolean false\"\n  \"NO\": \"boolean false\"\n  \"NULL\": \"null word capital\"\n  \"Null\": \"null word\"\n  \"OFF\": \"boolean false\"\n  \"On\": \"boolean true\"\n  \"True\": \"boolean true\"\n  \"Yes\": \"boolean true\"\n  \"n\": \"boolean false\"\n  \"null\": \"null word\"\n  \"off\": \"boolean false\"\n  \"on\": \"boolean true\"\n  \"true\": \"boolean true\"\n  \"y\": \"boolean true\"\n  \"yes\": \"boolean true\"\njsonnet.org/k8s-label-like: \"0600\"\njust-letters-dashes: \"+1101_1111\"\njust_letters_underscores: 142321\nx: \"BARE_KEY\"",
   "object3_unquoted": "-0B1010_0111_0100_1010_1110: \"string\\n                                    with some\\n                                    newlines\\n        \"\n0X_0a_74_ae: \"BARE_KEY\"\n1-234-567-8901: null\n192.168.0.1:\n- a: 2\n  b: \"str\"\n- c: []\n__-0B1010_0111_0100_1010_1110: \"a new line\\n  \"\n__-0X_0a_74_ae: \"BARE_KEY\"\nb:\n  \"N\": \"boolean false\"\n  \"NO\": \"boolean false\"\n  \"NULL\": \"null word capital\"\n  \"Null\": \"null word\"\n  \"OFF\": \"boolean false\"\n  \"On\": \"boolean true\"\n  \"True\": \"boolean true\"\n  \"Yes\": \"boolean true\"\n  \"n\": \"boolean false\"\n  \"null\": \"null word\"\n  \"off\": \"boolean false\"\n  \"on\": \"boolean true\"\n  \"true\": \"boolean true\"\n  \"y\": \"boolean true\"\n  \"yes\": \"boolean true\"\njsonnet.org/k8s-label-like: \"0600\"\njust-letters-dashes: \"+1101_1111\"\njust_letters_underscores: 142321\nx: \"BARE_KEY\"",
   "object_indent": "\"abc\": \"def\"\n\"bam\": true\n\"bar\": \"baz\"\n\"baz\": 1\n\"bazel\": 1.42\n\"bim\": false\n\"blamo\":\n  \"cereal\":\n    - \"<>& fizbuzz\"\n    -\n      - \"a\"\n      -\n        - \"b\"\n  \"treats\":\n    - \"name\": \"chocolate\"\n\"boom\": -1\n\"foo\": \"baz\"",
   "object_indent_unquoted": "abc: \"def\"\nbam: true\nbar: \"baz\"\nbaz: 1\nbazel: 1.42\nbim: false\nblamo:\n  cereal:\n    - \"<>& fizbuzz\"\n    -\n      - \"a\"\n      -\n        - \"b\"\n  treats:\n    - name: \"chocolate\"\nboom: -1\nfoo: \"baz\"",
   "object_unquoted": "abc: \"def\"\nbam: true\nbar: \"baz\"\nbaz: 1\nbazel: 1.42\nbim: false\nblamo:\n  cereal:\n  - \"<>& fizbuzz\"\n  -\n    - \"a\"\n    -\n      - \"b\"\n  treats:\n  - name: \"chocolate\"\nboom: -1\nfoo: \"baz\""
}
