[
   {
      "<": true,
      "<=": true,
      ">": false,
      ">=": false,
      "a": 1,
      "b": 2
   },
   {
      "<": false,
      "<=": false,
      ">": true,
      ">=": true,
      "a": 2,
      "b": 1
   },
   {
      "<": true,
      "<=": true,
      ">": false,
      ">=": false,
      "a": [
         1
      ],
      "b": [
         2
      ]
   },
   {
      "<": false,
      "<=": false,
      ">": true,
      ">=": true,
      "a": [
         2
      ],
      "b": [
         1
      ]
   },
   {
      "<": false,
      "<=": true,
      ">": false,
      ">=": true,
      "a": [ ],
      "b": [ ]
   },
   {
      "<": true,
      "<=": true,
      ">": false,
      ">=": false,
      "a": [ ],
      "b": [
         1
      ]
   },
   {
      "<": false,
      "<=": false,
      ">": true,
      ">=": true,
      "a": [
         1
      ],
      "b": [ ]
   },
   {
      "<": false,
      "<=": false,
      ">": true,
      ">=": true,
      "a": [
         1,
         2
      ],
      "b": [
         1
      ]
   },
   {
      "<": true,
      "<=": true,
      ">": false,
      ">=": false,
      "a": [
         1,
         2
      ],
      "b": [
         2
      ]
   },
   {
      "<": true,
      "<=": true,
      ">": false,
      ">=": false,
      "a": [
         [
            1
         ]
      ],
      "b": [
         [
            2
         ]
      ]
   },
   {
      "<": false,
      "<=": false,
      ">": true,
      ">=": true,
      "a": [
         [
            2
         ]
      ],
      "b": [
         [
            1
         ]
      ]
   },
   {
      "<": false,
      "<=": false,
      ">": true,
      ">=": true,
      "a": [
         "foo"
      ],
      "b": [
         "bar"
      ]
   },
   {
      "<": true,
      "<=": true,
      ">": false,
      ">=": false,
      "a": [
         0,
         "a"
      ],
      "b": [
         0,
         "b"
      ]
   },
   {
      "<": false,
      "<=": false,
      ">": true,
      ">=": true,
      "a": "foo",
      "b": "bar"
   }
]
