RUNTIME ERROR: should happen
-------------------------------------------------
	testdata/lazy_operator2:1:9-29	$

true && error "should happen"

-------------------------------------------------
	testdata/lazy_operator2:1:1-29	$

true && error "should happen"

-------------------------------------------------
	During evaluation	


