RUNTIME ERROR: Attempt to use super when there is no super class.
-------------------------------------------------
	testdata/object_invariant7:1:16-21	object <anonymous>

{ x: 5, assert super.x == 5 } 

-------------------------------------------------
	<std>:1188:25-26	thunk from <thunk <ta> from <function <anonymous>>>

    local ta = std.type(a);

-------------------------------------------------
	<std>:1188:16-27	builtin function <type>

    local ta = std.type(a);

-------------------------------------------------
	<std>:1190:29-31	thunk from <function <anonymous>>

    if !std.primitiveEquals(ta, tb) then

-------------------------------------------------
	<std>:1190:9-36	builtin function <primitiveEquals>

    if !std.primitiveEquals(ta, tb) then

-------------------------------------------------
	<std>:1190:8-36	function <anonymous>

    if !std.primitiveEquals(ta, tb) then

-------------------------------------------------
		

-------------------------------------------------
	During manifestation	


