RUNTIME ERROR: Too many values to format: 2, expected 1
-------------------------------------------------
	<std>:696:11-86	function <format_codes_arr>

          error ('Too many values to format: ' + std.length(arr) + ', expected ' + j)

-------------------------------------------------
	<std>:702:11-59	function <format_codes_arr>

          format_codes_arr(codes, arr, i + 1, j, v + code) tailstrict

-------------------------------------------------
	<std>:789:7-46	function <anonymous>

      format_codes_arr(codes, vals, 0, 0, '')

-------------------------------------------------
	<std>:249:7-23	function <anonymous>

      std.format(a, b)

-------------------------------------------------
	testdata/percent_format_str4:1:1-20	

"x %s" % ["y", "z"]

-------------------------------------------------
	During evaluation	


