RUNTIME ERROR: Operator % cannot be used on types function and number.
-------------------------------------------------
	<std>:251:7-94	function <anonymous>

      error 'Operator % cannot be used on types ' + std.type(a) + ' and ' + std.type(b) + '.',

-------------------------------------------------
	testdata/percent_bad3:1:1-21	

(function(x) x) % 42

-------------------------------------------------
	During evaluation	


