RUNTIME ERROR: Not enough values to format: 1, expected at least 1
-------------------------------------------------
	<std>:690:15-102	thunk <val> from <function <format_codes_arr>>

              error ('Not enough values to format: ' + std.length(arr) + ', expected at least ' + j2);

-------------------------------------------------
	<std>:695:27-30	thunk from <thunk <s> from <function <format_codes_arr>>>

              format_code(val, code, tmp.fw, tmp2.prec, j2);

-------------------------------------------------
	<std>:565:22-25	thunk from <function <format_code>>

        std.toString(val)

-------------------------------------------------
	<std>:565:9-26	function <format_code>

        std.toString(val)

-------------------------------------------------
	... (skipped 10 frames)
-------------------------------------------------
	<std>:706:11-64	function <format_codes_arr>

          format_codes_arr(codes, arr, i + 1, j3, v + s_padded) tailstrict;

-------------------------------------------------
	<std>:750:7-46	function <anonymous>

      format_codes_arr(codes, vals, 0, 0, '')

-------------------------------------------------
	<std>:227:7-23	function <anonymous>

      std.format(a, b)

-------------------------------------------------
		

-------------------------------------------------
	During evaluation	


