RUNTIME ERROR: Operator % cannot be used on types function and number.
-------------------------------------------------
	<std>:150:13-99	function <anonymous>

            error "Operator % cannot be used on types " + std.type(a) + " and " + std.type(b) + ".",

-------------------------------------------------
		

-------------------------------------------------
	During evaluation	


