RUNTIME ERROR: Too many values to format: 1, expected 0
-------------------------------------------------
	<std>:519:21-95	function <format_codes_arr>

                    error ("Too many values to format: " + std.length(arr) + ", expected " + j)

-------------------------------------------------
	<std>:525:21-69	function <format_codes_arr>

                    format_codes_arr(codes, arr, i + 1, j, v + code) tailstrict

-------------------------------------------------
	<std>:616:13-54	function <anonymous>

            format_codes_arr(codes, [vals], 0, 0, ""),

-------------------------------------------------
	<std>:148:13-29	function <anonymous>

            std.format(a, b)

-------------------------------------------------
		

-------------------------------------------------
	During evaluation	


