RUNTIME ERROR: x
-------------------------------------------------
	testdata/std.primitiveEquals9:1:25-34	thunk from <$>

std.primitiveEquals(42, error "x")

-------------------------------------------------
	testdata/std.primitiveEquals9:1:1-35	$

std.primitiveEquals(42, error "x")

-------------------------------------------------
	During evaluation	


