RUNTIME ERROR: x
-------------------------------------------------
	During evaluation	

-------------------------------------------------
	<builtin>	builtin function <toString>

-------------------------------------------------
	testdata/std.toString5:1:14-22	thunk from <$>

std.toString(error "x")


