RUNTIME ERROR: x
-------------------------------------------------
	During evaluation	

-------------------------------------------------
	<builtin>	builtin function <primitiveEquals>

-------------------------------------------------
	testdata/std.primitiveEquals9:1:25-33	thunk from <$>

std.primitiveEquals(42, error "x")


