RUNTIME ERROR: xxx
-------------------------------------------------
	testdata/type_error:1:10-21	thunk from <$>

std.type(error "xxx")

-------------------------------------------------
	testdata/type_error:1:1-22	$

std.type(error "xxx")

-------------------------------------------------
	During evaluation	


